// Jest Snapshot v1, https://goo.gl/fbAQLP

exports[`Spinner test Spinner snapshot 1`] = `
<div
  className="sc-bdVaJa bciNFZ"
  color="MAIN"
/>
`;
