// Jest Snapshot v1, https://goo.gl/fbAQLP

exports[`Spinner test Spinner snapshot 1`] = `
.c0 {
  margin: 0 auto;
  width: 3rem;
  height: 3rem;
  font-size: 5px;
  position: relative;
  border-radius: 50%;
  border-top: 0.3rem solid rgba(218,218,218,0.2);
  border-right: 0.3rem solid rgba(218,218,218,0.2);
  border-bottom: 0.3rem solid rgba(218,218,218,0.2);
  border-left: 0.3rem solid #f39c12;
  -webkit-transform: translateZ(0);
  -ms-transform: translateZ(0);
  -webkit-transform: translateZ(0);
  -ms-transform: translateZ(0);
  transform: translateZ(0);
  -webkit-animation: cilQsd 1.2s infinite linear;
  -webkit-animation: cilQsd 1.2s infinite linear;
  animation: cilQsd 1.2s infinite linear;
}

@media screen and (max-width:768px) {
  .c0 {
    width: 2.5rem;
    height: 2.5rem;
    border-top: 0.25rem solid rgba(218,218,218,0.2);
    border-right: 0.25rem solid rgba(218,218,218,0.2);
    border-bottom: 0.25rem solid rgba(218,218,218,0.2);
    border-left: 0.25rem solid #f39c12;
  }
}

@media screen and (max-width:480px) {
  .c0 {
    width: 2rem;
    height: 2rem;
    border-top: 0.2rem solid rgba(218,218,218,0.2);
    border-right: 0.2rem solid rgba(218,218,218,0.2);
    border-bottom: 0.2rem solid rgba(218,218,218,0.2);
    border-left: 0.2rem solid #f39c12;
  }
}

<div
  className="c0"
  color="MAIN"
/>
`;
